[     208ms] [ERROR] Loading the stylesheet 'https://fonts.googleapis.com/css2?family=Inter:wght@300;400;500;600;700;800&display=swap' violates the following Content Security Policy directive: "style-src 'self' 'unsafe-inline' https://unpkg.com". Note that 'style-src-elem' was not explicitly set, so 'style-src' is used as a fallback. The action has been blocked. @ http://localhost:3000/dashboard/customer:0
[     401ms] [INFO] %cDownload the React DevTools for a better development experience: https://react.dev/link/react-devtools font-weight:bold @ http://localhost:3000/_next/static/chunks/0m.-_next_dist_0joglub._.js:1074
[     443ms] [LOG] [HMR] connected @ http://localhost:3000/_next/static/chunks/0m.-_next_dist_0joglub._.js:1074
[     763ms] [LOG] [Fast Refresh] rebuilding @ http://localhost:3000/_next/static/chunks/0m.-_next_dist_0joglub._.js:1074
[     872ms] [LOG] [Fast Refresh] done in 243ms @ http://localhost:3000/_next/static/chunks/0m.-_next_dist_0joglub._.js:1074
[    1465ms] [WARNING] GPS error (code 1): User denied Geolocation @ http://localhost:3000/_next/static/chunks/0m.-_next_dist_0joglub._.js:1074
[    1473ms] [WARNING] GPS error (code 1): User denied Geolocation @ http://localhost:3000/_next/static/chunks/0m.-_next_dist_0joglub._.js:1074
[    1545ms] [ERROR] Failed to load resource: net::ERR_FAILED @ https://a.tile.openstreetmap.org/13/5846/3843.png:0
[    1545ms] [ERROR] Failed to load resource: net::ERR_FAILED @ https://a.tile.openstreetmap.org/13/5847/3843.png:0
[    1545ms] [ERROR] Failed to load resource: net::ERR_FAILED @ https://a.tile.openstreetmap.org/13/5846/3844.png:0
[    1545ms] [ERROR] Failed to load resource: net::ERR_FAILED @ https://a.tile.openstreetmap.org/13/5847/3844.png:0
[    1545ms] [ERROR] Failed to load resource: net::ERR_FAILED @ https://a.tile.openstreetmap.org/13/5845/3843.png:0
[    1546ms] [ERROR] Failed to load resource: net::ERR_FAILED @ https://a.tile.openstreetmap.org/13/5848/3843.png:0
[    1546ms] [ERROR] Failed to load resource: net::ERR_FAILED @ https://a.tile.openstreetmap.org/13/5845/3844.png:0
[    1546ms] [ERROR] Failed to load resource: net::ERR_FAILED @ https://a.tile.openstreetmap.org/13/5848/3844.png:0
[    1547ms] [WARNING] GPS error (code 1): User denied Geolocation @ http://localhost:3000/_next/static/chunks/0m.-_next_dist_0joglub._.js:1074
[    1585ms] [WARNING] Tile failed: https://a.tile.openstreetmap.org/13/5846/3843.png @ http://localhost:3000/_next/static/chunks/0m.-_next_dist_0joglub._.js:1074
[    1586ms] [WARNING] Tile failed: https://a.tile.openstreetmap.org/13/5847/3843.png @ http://localhost:3000/_next/static/chunks/0m.-_next_dist_0joglub._.js:1074
[    1587ms] [WARNING] Tile failed: https://a.tile.openstreetmap.org/13/5846/3844.png @ http://localhost:3000/_next/static/chunks/0m.-_next_dist_0joglub._.js:1074
[    1587ms] [WARNING] Tile failed: https://a.tile.openstreetmap.org/13/5847/3844.png @ http://localhost:3000/_next/static/chunks/0m.-_next_dist_0joglub._.js:1074
[    1587ms] [WARNING] Tile failed: https://a.tile.openstreetmap.org/13/5845/3843.png @ http://localhost:3000/_next/static/chunks/0m.-_next_dist_0joglub._.js:1074
[    1588ms] [WARNING] Tile failed: https://a.tile.openstreetmap.org/13/5848/3843.png @ http://localhost:3000/_next/static/chunks/0m.-_next_dist_0joglub._.js:1074
[    1588ms] [WARNING] Tile failed: https://a.tile.openstreetmap.org/13/5845/3844.png @ http://localhost:3000/_next/static/chunks/0m.-_next_dist_0joglub._.js:1074
[    1588ms] [WARNING] Tile failed: https://a.tile.openstreetmap.org/13/5848/3844.png @ http://localhost:3000/_next/static/chunks/0m.-_next_dist_0joglub._.js:1074
[   18065ms] [ERROR] Failed to load resource: net::ERR_FAILED @ https://cdn.jsdelivr.net/npm/leaflet@1.9.4/dist/images/marker-icon.png?_t=1782192006939:0
