[     226ms] [ERROR] Loading the stylesheet 'https://fonts.googleapis.com/css2?family=Inter:wght@300;400;500;600;700;800&display=swap' violates the following Content Security Policy directive: "style-src 'self' 'unsafe-inline' https://unpkg.com". Note that 'style-src-elem' was not explicitly set, so 'style-src' is used as a fallback. The action has been blocked. @ http://localhost:3000/dashboard/customer:0
[     498ms] [INFO] %cDownload the React DevTools for a better development experience: https://react.dev/link/react-devtools font-weight:bold @ http://localhost:3000/_next/static/chunks/0m.-_next_dist_0joglub._.js:1074
[     581ms] [LOG] [HMR] connected @ http://localhost:3000/_next/static/chunks/0m.-_next_dist_0joglub._.js:1074
[     936ms] [WARNING] GPS error (code 1): User denied Geolocation @ http://localhost:3000/_next/static/chunks/0m.-_next_dist_0joglub._.js:1074
[     953ms] [WARNING] GPS error (code 1): User denied Geolocation @ http://localhost:3000/_next/static/chunks/0m.-_next_dist_0joglub._.js:1074
[     976ms] [LOG] [Fast Refresh] rebuilding @ http://localhost:3000/_next/static/chunks/0m.-_next_dist_0joglub._.js:1074
[    1050ms] [LOG] [Fast Refresh] done in 278ms @ http://localhost:3000/_next/static/chunks/0m.-_next_dist_0joglub._.js:1074
[    1200ms] [ERROR] Failed to load resource: net::ERR_FAILED @ https://c.tile.openstreetmap.org/13/5846/3843.png:0
[    1201ms] [ERROR] Failed to load resource: net::ERR_FAILED @ https://a.tile.openstreetmap.org/13/5847/3843.png:0
[    1201ms] [ERROR] Failed to load resource: net::ERR_FAILED @ https://a.tile.openstreetmap.org/13/5846/3844.png:0
[    1201ms] [ERROR] Failed to load resource: net::ERR_FAILED @ https://b.tile.openstreetmap.org/13/5847/3844.png:0
[    1201ms] [ERROR] Failed to load resource: net::ERR_FAILED @ https://b.tile.openstreetmap.org/13/5845/3843.png:0
[    1201ms] [ERROR] Failed to load resource: net::ERR_FAILED @ https://b.tile.openstreetmap.org/13/5848/3843.png:0
[    1201ms] [ERROR] Failed to load resource: net::ERR_FAILED @ https://c.tile.openstreetmap.org/13/5845/3844.png:0
[    1201ms] [ERROR] Failed to load resource: net::ERR_FAILED @ https://c.tile.openstreetmap.org/13/5848/3844.png:0
[    1204ms] [WARNING] GPS error (code 1): User denied Geolocation @ http://localhost:3000/_next/static/chunks/0m.-_next_dist_0joglub._.js:1074
[    1240ms] [ERROR] Failed to load resource: net::ERR_FAILED @ http://localhost:8001/api/providers/nearby?lat=11.0168&lng=76.9558:0
[   20476ms] [ERROR] Connecting to 'https://tile.openstreetmap.org/13/5846/3843.png' violates the following Content Security Policy directive: "connect-src 'self' http://localhost:8001 https://nominatim.openstreetmap.org https://router.project-osrm.org https://api.razorpay.com wss:". The action has been blocked. @ :0
[   20476ms] [ERROR] Fetch API cannot load https://tile.openstreetmap.org/13/5846/3843.png. Refused to connect because it violates the document's Content Security Policy. @ :0
[   47875ms] [LOG] [Fast Refresh] rebuilding @ http://localhost:3000/_next/static/chunks/0m.-_next_dist_0joglub._.js:1074
[   47961ms] [LOG] [Fast Refresh] done in 187ms @ http://localhost:3000/_next/static/chunks/0m.-_next_dist_0joglub._.js:1074
[   58708ms] [LOG] [Fast Refresh] rebuilding @ http://localhost:3000/_next/static/chunks/0m.-_next_dist_0joglub._.js:1074
[   58732ms] [LOG] [Fast Refresh] done in 124ms @ http://localhost:3000/_next/static/chunks/0m.-_next_dist_0joglub._.js:1074
