[     188ms] [ERROR] Loading the stylesheet 'https://fonts.googleapis.com/css2?family=Inter:wght@300;400;500;600;700;800&display=swap' violates the following Content Security Policy directive: "style-src 'self' 'unsafe-inline' https://unpkg.com". Note that 'style-src-elem' was not explicitly set, so 'style-src' is used as a fallback. The action has been blocked. @ http://localhost:3000/dashboard/customer:0
[     355ms] [INFO] %cDownload the React DevTools for a better development experience: https://react.dev/link/react-devtools font-weight:bold @ http://localhost:3000/_next/static/chunks/0m.-_next_dist_0joglub._.js:1074
[     400ms] [LOG] [HMR] connected @ http://localhost:3000/_next/static/chunks/0m.-_next_dist_0joglub._.js:1074
[     730ms] [LOG] [Fast Refresh] rebuilding @ http://localhost:3000/_next/static/chunks/0m.-_next_dist_0joglub._.js:1074
[     859ms] [WARNING] GPS error (code 1): User denied Geolocation @ http://localhost:3000/_next/static/chunks/0m.-_next_dist_0joglub._.js:1074
[     870ms] [WARNING] GPS error (code 1): User denied Geolocation @ http://localhost:3000/_next/static/chunks/0m.-_next_dist_0joglub._.js:1074
[     880ms] [LOG] [Fast Refresh] done in 260ms @ http://localhost:3000/_next/static/chunks/0m.-_next_dist_0joglub._.js:1074
[    1140ms] [ERROR] Connecting to 'http://localhost:8001/api/providers/nearby?lat=11.0168&lng=76.9558' violates the following Content Security Policy directive: "connect-src 'self' https://nominatim.openstreetmap.org https://router.project-osrm.org https://api.razorpay.com wss:". The action has been blocked. @ http://localhost:3000/_next/static/chunks/0m.-_0tcg_b4._.js:5377
[    1141ms] [ERROR] Failed to load resource: net::ERR_FAILED @ https://c.tile.openstreetmap.org/13/5846/3843.png:0
[    1141ms] [ERROR] Failed to load resource: net::ERR_FAILED @ https://a.tile.openstreetmap.org/13/5847/3843.png:0
[    1141ms] [ERROR] Failed to load resource: net::ERR_FAILED @ https://a.tile.openstreetmap.org/13/5846/3844.png:0
[    1141ms] [ERROR] Failed to load resource: net::ERR_FAILED @ https://b.tile.openstreetmap.org/13/5847/3844.png:0
[    1147ms] [ERROR] Failed to load resource: net::ERR_FAILED @ https://b.tile.openstreetmap.org/13/5845/3843.png:0
[    1147ms] [ERROR] Failed to load resource: net::ERR_FAILED @ https://b.tile.openstreetmap.org/13/5848/3843.png:0
[    1147ms] [ERROR] Failed to load resource: net::ERR_FAILED @ https://c.tile.openstreetmap.org/13/5845/3844.png:0
[    1147ms] [ERROR] Failed to load resource: net::ERR_FAILED @ https://c.tile.openstreetmap.org/13/5848/3844.png:0
[    1148ms] [WARNING] GPS error (code 1): User denied Geolocation @ http://localhost:3000/_next/static/chunks/0m.-_next_dist_0joglub._.js:1074
[   50516ms] [LOG] [HMR] connected @ http://localhost:3000/_next/static/chunks/0m.-_next_dist_0joglub._.js:1074
[   54062ms] [ERROR] Loading the stylesheet 'https://fonts.googleapis.com/css2?family=Inter:wght@300;400;500;600;700;800&display=swap' violates the following Content Security Policy directive: "style-src 'self' 'unsafe-inline' https://unpkg.com". Note that 'style-src-elem' was not explicitly set, so 'style-src' is used as a fallback. The action has been blocked. @ http://localhost:3000/dashboard/customer:0
[   54322ms] [LOG] [Client Instrumentation Hook] Slow execution detected: 22ms (Note: Code download overhead is not included in this measurement) @ http://localhost:3000/_next/static/chunks/0m.-_next_dist_0joglub._.js:703
[   54336ms] [INFO] %cDownload the React DevTools for a better development experience: https://react.dev/link/react-devtools font-weight:bold @ http://localhost:3000/_next/static/chunks/0m.-_next_dist_0joglub._.js:1074
[   54408ms] [LOG] [HMR] connected @ http://localhost:3000/_next/static/chunks/0m.-_next_dist_0joglub._.js:1074
[   54985ms] [WARNING] GPS error (code 1): User denied Geolocation @ http://localhost:3000/_next/static/chunks/0m.-_next_dist_0joglub._.js:1074
[   55002ms] [WARNING] GPS error (code 1): User denied Geolocation @ http://localhost:3000/_next/static/chunks/0m.-_next_dist_0joglub._.js:1074
[   55238ms] [ERROR] Failed to load resource: net::ERR_FAILED @ https://c.tile.openstreetmap.org/13/5846/3843.png:0
[   55238ms] [ERROR] Failed to load resource: net::ERR_FAILED @ https://a.tile.openstreetmap.org/13/5847/3843.png:0
[   55238ms] [ERROR] Failed to load resource: net::ERR_FAILED @ https://a.tile.openstreetmap.org/13/5846/3844.png:0
[   55239ms] [ERROR] Failed to load resource: net::ERR_FAILED @ https://b.tile.openstreetmap.org/13/5847/3844.png:0
[   55239ms] [ERROR] Failed to load resource: net::ERR_FAILED @ https://b.tile.openstreetmap.org/13/5845/3843.png:0
[   55239ms] [ERROR] Failed to load resource: net::ERR_FAILED @ https://b.tile.openstreetmap.org/13/5848/3843.png:0
[   55239ms] [ERROR] Failed to load resource: net::ERR_FAILED @ https://c.tile.openstreetmap.org/13/5845/3844.png:0
[   55239ms] [ERROR] Failed to load resource: net::ERR_FAILED @ https://c.tile.openstreetmap.org/13/5848/3844.png:0
[   55239ms] [WARNING] GPS error (code 1): User denied Geolocation @ http://localhost:3000/_next/static/chunks/0m.-_next_dist_0joglub._.js:1074
[   55266ms] [ERROR] Failed to load resource: net::ERR_FAILED @ http://localhost:8001/api/providers/nearby?lat=11.0168&lng=76.9558:0
[   55272ms] [LOG] [Fast Refresh] rebuilding @ http://localhost:3000/_next/static/chunks/0m.-_next_dist_0joglub._.js:1074
[   55309ms] [LOG] [Fast Refresh] done in 164ms @ http://localhost:3000/_next/static/chunks/0m.-_next_dist_0joglub._.js:1074
