[     202ms] [ERROR] Loading the stylesheet 'https://fonts.googleapis.com/css2?family=Inter:wght@300;400;500;600;700;800&display=swap' violates the following Content Security Policy directive: "style-src 'self' 'unsafe-inline' https://unpkg.com". Note that 'style-src-elem' was not explicitly set, so 'style-src' is used as a fallback. The action has been blocked. @ http://localhost:3000/dashboard/customer:0
[     415ms] [INFO] %cDownload the React DevTools for a better development experience: https://react.dev/link/react-devtools font-weight:bold @ http://localhost:3000/_next/static/chunks/0m.-_next_dist_0joglub._.js:1074
[     476ms] [LOG] [HMR] connected @ http://localhost:3000/_next/static/chunks/0m.-_next_dist_0joglub._.js:1074
[    1056ms] [LOG] [Fast Refresh] rebuilding @ http://localhost:3000/_next/static/chunks/0m.-_next_dist_0joglub._.js:1074
[    1140ms] [LOG] [Fast Refresh] done in 194ms @ http://localhost:3000/_next/static/chunks/0m.-_next_dist_0joglub._.js:1074
[    1330ms] [WARNING] GPS error (code 1): User denied Geolocation @ http://localhost:3000/_next/static/chunks/0m.-_next_dist_0joglub._.js:1074
[    1341ms] [WARNING] GPS error (code 1): User denied Geolocation @ http://localhost:3000/_next/static/chunks/0m.-_next_dist_0joglub._.js:1074
[    1425ms] [ERROR] Failed to load resource: net::ERR_FAILED @ https://c.tile.openstreetmap.org/13/5846/3843.png:0
[    1425ms] [ERROR] Failed to load resource: net::ERR_FAILED @ https://a.tile.openstreetmap.org/13/5847/3843.png:0
[    1425ms] [ERROR] Failed to load resource: net::ERR_FAILED @ https://a.tile.openstreetmap.org/13/5846/3844.png:0
[    1425ms] [ERROR] Failed to load resource: net::ERR_FAILED @ https://b.tile.openstreetmap.org/13/5847/3844.png:0
[    1425ms] [ERROR] Failed to load resource: net::ERR_FAILED @ https://b.tile.openstreetmap.org/13/5845/3843.png:0
[    1425ms] [ERROR] Failed to load resource: net::ERR_FAILED @ https://b.tile.openstreetmap.org/13/5848/3843.png:0
[    1425ms] [ERROR] Failed to load resource: net::ERR_FAILED @ https://c.tile.openstreetmap.org/13/5845/3844.png:0
[    1425ms] [ERROR] Failed to load resource: net::ERR_FAILED @ https://c.tile.openstreetmap.org/13/5848/3844.png:0
[    1431ms] [WARNING] GPS error (code 1): User denied Geolocation @ http://localhost:3000/_next/static/chunks/0m.-_next_dist_0joglub._.js:1074
[   13022ms] [ERROR] Failed to load resource: net::ERR_FAILED @ https://tile.openstreetmap.org/13/5846/3843.png?_t=1782191693879:0
[   59529ms] [ERROR] Connecting to 'https://tile.openstreetmap.org/13/5846/3843.png' violates the following Content Security Policy directive: "connect-src 'self' http://localhost:8001 https://nominatim.openstreetmap.org https://router.project-osrm.org https://api.razorpay.com wss:". The action has been blocked. @ :0
[   59529ms] [ERROR] Fetch API cannot load https://tile.openstreetmap.org/13/5846/3843.png. Refused to connect because it violates the document's Content Security Policy. @ :0
[  251213ms] [ERROR] Connecting to 'https://tile.openstreetmap.org/13/5846/3843.png' violates the following Content Security Policy directive: "connect-src 'self' http://localhost:8001 https://nominatim.openstreetmap.org https://router.project-osrm.org https://api.razorpay.com wss:". The action has been blocked. @ :0
[  251214ms] [ERROR] Fetch API cannot load https://tile.openstreetmap.org/13/5846/3843.png. Refused to connect because it violates the document's Content Security Policy. @ :0
[  296011ms] [LOG] [Fast Refresh] rebuilding @ http://localhost:3000/_next/static/chunks/0m.-_next_dist_0joglub._.js:1074
[  296183ms] [ERROR] Failed to load resource: net::ERR_FAILED @ https://a.tile.openstreetmap.org/13/5846/3843.png:0
[  296183ms] [ERROR] Failed to load resource: net::ERR_FAILED @ https://a.tile.openstreetmap.org/13/5847/3843.png:0
[  296183ms] [ERROR] Failed to load resource: net::ERR_FAILED @ https://a.tile.openstreetmap.org/13/5846/3844.png:0
[  296184ms] [ERROR] Failed to load resource: net::ERR_FAILED @ https://a.tile.openstreetmap.org/13/5847/3844.png:0
[  296184ms] [ERROR] Failed to load resource: net::ERR_FAILED @ https://a.tile.openstreetmap.org/13/5845/3843.png:0
[  296184ms] [ERROR] Failed to load resource: net::ERR_FAILED @ https://a.tile.openstreetmap.org/13/5848/3843.png:0
[  296184ms] [ERROR] Failed to load resource: net::ERR_FAILED @ https://a.tile.openstreetmap.org/13/5845/3844.png:0
[  296184ms] [ERROR] Failed to load resource: net::ERR_FAILED @ https://a.tile.openstreetmap.org/13/5848/3844.png:0
[  296188ms] [LOG] [Fast Refresh] done in 229ms @ http://localhost:3000/_next/static/chunks/0m.-_next_dist_0joglub._.js:1074
[  296191ms] [WARNING] Tile failed: https://a.tile.openstreetmap.org/13/5846/3843.png @ http://localhost:3000/_next/static/chunks/0m.-_next_dist_0joglub._.js:1074
[  296191ms] [WARNING] Tile failed: https://a.tile.openstreetmap.org/13/5847/3843.png @ http://localhost:3000/_next/static/chunks/0m.-_next_dist_0joglub._.js:1074
[  296191ms] [WARNING] Tile failed: https://a.tile.openstreetmap.org/13/5846/3844.png @ http://localhost:3000/_next/static/chunks/0m.-_next_dist_0joglub._.js:1074
[  296192ms] [WARNING] Tile failed: https://a.tile.openstreetmap.org/13/5847/3844.png @ http://localhost:3000/_next/static/chunks/0m.-_next_dist_0joglub._.js:1074
[  296192ms] [WARNING] Tile failed: https://a.tile.openstreetmap.org/13/5845/3843.png @ http://localhost:3000/_next/static/chunks/0m.-_next_dist_0joglub._.js:1074
[  296192ms] [WARNING] Tile failed: https://a.tile.openstreetmap.org/13/5848/3843.png @ http://localhost:3000/_next/static/chunks/0m.-_next_dist_0joglub._.js:1074
[  296192ms] [WARNING] Tile failed: https://a.tile.openstreetmap.org/13/5845/3844.png @ http://localhost:3000/_next/static/chunks/0m.-_next_dist_0joglub._.js:1074
[  296193ms] [WARNING] Tile failed: https://a.tile.openstreetmap.org/13/5848/3844.png @ http://localhost:3000/_next/static/chunks/0m.-_next_dist_0joglub._.js:1074
[  296335ms] [LOG] [Fast Refresh] rebuilding @ http://localhost:3000/_next/static/chunks/0m.-_next_dist_0joglub._.js:1074
[  296552ms] [LOG] [Fast Refresh] done in 316ms @ http://localhost:3000/_next/static/chunks/0m.-_next_dist_0joglub._.js:1074
